2026-06-12 10:13:41,150 [INFO] ======================================================================
2026-06-12 10:13:41,150 [INFO] S7.1 — φ vs ΔW funnel 分解 (拡散指数 b / zero 指数 a / Spearman)
2026-06-12 10:13:41,155 [INFO] ======================================================================
2026-06-12 10:13:54,127 [INFO] [load] C0u (agg): full=20 match=20 seeds
2026-06-12 10:14:04,721 [INFO] [load] C0p (agg): full=20 match=20 seeds
2026-06-12 10:14:07,282 [INFO] [load] C2 (lob): full=100 match=100 seeds
2026-06-12 10:14:09,591 [INFO] [load] C3 (lob): full=100 match=100 seeds
2026-06-12 10:14:13,621 [INFO] [pooled-matched cap=32] C0u: b_phi=+0.361 b_dW=+0.306 a_zero=-0.334 n_rt=10442177
2026-06-12 10:14:17,415 [INFO] [pooled-matched cap=32] C0p: b_phi=+0.366 b_dW=+0.321 a_zero=-0.327 n_rt=10441213
2026-06-12 10:14:17,543 [INFO] [pooled-matched cap=32] C2: b_phi=+0.128 b_dW=+0.059 a_zero=-1.185 n_rt=427522
2026-06-12 10:14:17,660 [INFO] [pooled-matched cap=32] C3: b_phi=+0.128 b_dW=+0.083 a_zero=-1.014 n_rt=475998
2026-06-12 10:14:17,984 [INFO] --- FULL range (adaptive per-seed bins) ---
2026-06-12 10:14:18,064 [INFO] [C0u] b_phi_iqr=+0.442 b_dW_iqr=+0.443 amp=+0.001 a_zero=+0.031 M_iqr(φ)=+0.953 M_iqr(ΔW)=+0.912
2026-06-12 10:14:18,071 [INFO] [C0p] b_phi_iqr=+0.455 b_dW_iqr=+0.457 amp=+0.002 a_zero=+0.054 M_iqr(φ)=+0.940 M_iqr(ΔW)=+0.917
2026-06-12 10:14:18,073 [INFO] [C2] b_phi_iqr=+0.119 b_dW_iqr=+0.046 amp=-0.073 a_zero=+0.073 M_iqr(φ)=+0.627 M_iqr(ΔW)=+0.298
2026-06-12 10:14:18,076 [INFO] [C3] b_phi_iqr=+0.116 b_dW_iqr=+0.082 amp=-0.034 a_zero=-0.041 M_iqr(φ)=+0.621 M_iqr(ΔW)=+0.374
2026-06-12 10:14:18,089 [INFO] [interaction] b_phi_iqr: -0.016 [-0.048,+0.017] (LOB wealth eff=-0.003, agg=+0.012)
2026-06-12 10:14:18,097 [INFO] [interaction] b_dW_iqr: +0.022 [-0.026,+0.070] (LOB wealth eff=+0.035, agg=+0.014)
2026-06-12 10:14:18,103 [INFO] [interaction] amp_iqr: +0.038 [+0.001,+0.074]
2026-06-12 10:14:18,104 [INFO] --- MATCHED support (common bins, horizon<=32) ---
2026-06-12 10:14:18,106 [INFO] [C0u] b_phi_iqr=+0.363 b_dW_iqr=+0.310 amp=-0.053 a_zero=-0.332 M_iqr(φ)=+0.928 M_iqr(ΔW)=+0.862
2026-06-12 10:14:18,109 [INFO] [C0p] b_phi_iqr=+0.360 b_dW_iqr=+0.316 amp=-0.044 a_zero=-0.322 M_iqr(φ)=+0.928 M_iqr(ΔW)=+0.865
2026-06-12 10:14:18,112 [INFO] [C2] b_phi_iqr=+0.147 b_dW_iqr=+0.056 amp=-0.091 a_zero=-0.019 M_iqr(φ)=+0.708 M_iqr(ΔW)=+0.381
2026-06-12 10:14:18,114 [INFO] [C3] b_phi_iqr=+0.156 b_dW_iqr=+0.106 amp=-0.050 a_zero=-0.162 M_iqr(φ)=+0.723 M_iqr(ΔW)=+0.436
2026-06-12 10:14:18,124 [INFO] [interaction] b_phi_iqr: +0.013 [-0.016,+0.041] (LOB wealth eff=+0.010, agg=-0.003)
2026-06-12 10:14:18,126 [INFO] [interaction] b_dW_iqr: +0.043 [+0.001,+0.086] (LOB wealth eff=+0.050, agg=+0.006)
2026-06-12 10:14:18,128 [INFO] [interaction] amp_iqr: +0.031 [-0.007,+0.068]
2026-06-12 10:14:18,135 [INFO] [output] S71_summary_for_diff.json + tab_S71_per_seed.csv
2026-06-12 10:14:18,135 [INFO] ======================================================================
