2026-06-11 11:46:33,587 [INFO] ======================================================================
2026-06-11 11:46:33,587 [INFO] S6r aggregation — A4 対称 DiD | platform=Darwin
2026-06-11 11:46:33,587 [INFO] ======================================================================
2026-06-11 11:46:33,588 [INFO] [integrity] C2_A4: 400 / 400 parquet
2026-06-11 11:46:33,590 [INFO] [integrity] C3_A4: 400 / 400 parquet
2026-06-11 11:46:33,767 [INFO] [combine] computing ensemble_summary for C2_A4...
2026-06-11 11:46:45,190 [INFO] [combine] computing ensemble_summary for C3_A4...
2026-06-11 11:46:53,730 [INFO] [combine] saved 800 rows: {'C0p': 100, 'C0u': 100, 'C2': 100, 'C2_A1': 100, 'C2_A4': 100, 'C3': 100, 'C3_A1': 100, 'C3_A4': 100}
2026-06-11 13:01:34,801 [INFO] [pooled] C0u: -0.4036 [-0.5824, -0.2784] (n_rt=104,454,012)
2026-06-11 14:14:01,710 [INFO] [pooled] C0p: -0.2879 [-0.4983, -0.1956] (n_rt=104,470,944)
2026-06-11 14:14:17,726 [INFO] [pooled] C2: -0.0593 [-0.3947, +0.2199] (n_rt=435,291)
2026-06-11 14:14:34,591 [INFO] [pooled] C3: -0.1264 [-0.4529, +0.1154] (n_rt=484,512)
2026-06-11 14:16:00,307 [INFO] [pooled] C2_A1: -0.3071 [-0.3607, -0.1049] (n_rt=2,568,176)
2026-06-11 14:17:25,082 [INFO] [pooled] C3_A1: -0.0901 [-0.3536, +0.1648] (n_rt=2,607,744)
2026-06-11 14:17:41,610 [INFO] [pooled] C2_A4: -0.3187 [-0.4045, -0.0379] (n_rt=467,512)
2026-06-11 14:17:59,017 [INFO] [pooled] C3_A4: -0.2088 [-0.5114, -0.0466] (n_rt=505,302)
2026-06-11 14:17:59,019 [INFO] [pooled] S3 int={'mean': -0.16415269730269724, 'lo': -0.6378090659340658, 'hi': 0.29701923076923076}
2026-06-11 14:17:59,019 [INFO] [pooled] A4 int={'mean': -0.12068521478521473, 'lo': -0.5016520979020979, 'hi': 0.26008241758241746}
2026-06-11 14:17:59,019 [INFO] [pooled] shrinkage={'mean': -0.04346748251748253, 'lo': -0.5683653846153846, 'hi': 0.4561263736263736} (primary KPI: CI 0 排除 + |A4|<|S3| で支持)
2026-06-11 14:17:59,020 [INFO] [pooled] 非特異的効果 C2_A4−C2={'mean': -0.1299358141858142, 'lo': -0.4836057692307692, 'hi': 0.20436126373626334}
2026-06-11 14:17:59,024 [INFO] [judgment] {'primary_ci_excludes_zero': False, 'primary_shrinks': True, 'judgment': 'inconclusive (縮小方向だが CI が 0 を跨ぐ)'}
2026-06-11 14:17:59,154 [INFO] [secondary] rho_pearson: S3=-0.0201 → A4=-0.0260, shrink=+0.0058 [-0.0214, +0.0325] excl0=False shrinks=False
2026-06-11 14:17:59,154 [INFO] [secondary] rho_spearman: S3=-0.0090 → A4=-0.0174, shrink=+0.0084 [-0.0080, +0.0250] excl0=False shrinks=False
2026-06-11 14:17:59,154 [INFO] [secondary] tau_kendall: S3=-0.0070 → A4=-0.0139, shrink=+0.0070 [-0.0062, +0.0204] excl0=False shrinks=False
2026-06-11 14:17:59,154 [INFO] [secondary] bin_var_slope: S3=+0.0046 → A4=+0.0153, shrink=-0.0107 [-0.0789, +0.0570] excl0=False shrinks=False
2026-06-11 14:17:59,154 [INFO] [secondary] q90_q10_slope_diff: S3=+0.0061 → A4=-0.0094, shrink=+0.0155 [-0.0076, +0.0390] excl0=False shrinks=False
2026-06-11 14:17:59,160 [INFO] [manip] wealth_persistence_rho: C3=-0.0107 → C3_A4=+0.0050 (C2=+0.2369)
2026-06-11 14:17:59,160 [INFO] [manip] corr_winit_wt_T1: C3=-0.0107 → C3_A4=+0.0050 (C2=+0.2369)
2026-06-11 14:17:59,160 [INFO] [manip] corr_winit_wt_T5: C3=-0.0107 → C3_A4=+0.0050 (C2=+0.2369)
2026-06-11 14:17:59,160 [INFO] [manip] corr_winit_wt_T10: C3=-0.0107 → C3_A4=+0.0050 (C2=+0.2369)
2026-06-11 14:18:00,259 [INFO] [output] appended README §S6r
2026-06-11 14:18:00,262 [INFO] [output] saved: S6r_summary_for_diff.json
2026-06-11 14:18:00,262 [INFO] ======================================================================
2026-06-11 14:18:00,262 [INFO] S6r aggregation complete | inconclusive (縮小方向だが CI が 0 を跨ぐ)
2026-06-11 14:18:00,262 [INFO] ======================================================================
